[2026-07-13_18-25-48] Tool: calculate | Args: {"expr": "2+2*4"}
[2026-07-13_18-26-38] Tool: fake_lookup | Args: {"query": "capital of Great Britain"}
[2026-07-13_19-05-03] Tool: fake_lookup | Args: {"query": "Python programming language"}
[2026-07-13_19-05-36] Tool: fake_lookup | Args: {"query": "Python"}
[2026-07-13_19-07-05] Tool: explain | Args: {"topic": "gravity"}
[2026-07-13_19-08-09] Tool: explain | Args: {"topic": "photosynthesis"}
[2026-07-13_19-10-26] Tool: calculate | Args: {"expr": "2+2"}
[2026-07-13_19-12-52] Tool: calculate | Args: {"expr": "5 * (2 + 3)"}
[2026-07-13_19-12-55] Tool: calculate | Args: {"expr": "5 * (2 + 3)"}
[2026-07-13_19-16-10] Tool: calculate | Args: {"expr": "5 * (2 + 3)"}
[2026-07-13_19-17-27] Tool: explain | Args: {"topic": "gravity"}
[2026-07-13_19-19-45] Tool: fake_lookup | Args: {"query": "Python"}
[2026-07-13_19-20-41] Tool: fake_lookup | Args: {"query": "Einstein"}
[2026-07-13_19-21-09] Tool: explain | Args: {"topic": "gravity"}
[2026-07-13_19-21-50] Tool: calculate | Args: {"expr": "2 + 2 * 4"}
[2026-07-13_19-26-46] Tool: calculate | Args: {"expr": "2 + 2 * 4"}
[2026-07-13_19-27-04] Tool: fake_lookup | Args: {"query": "Python"}
[2026-07-13_19-27-31] Tool: fake_lookup | Args: {"query": "Einstein"}
[2026-07-13_19-28-04] Tool: explain | Args: {"topic": "gravity"}
[2026-07-13_19-33-04] Tool: fake_lookup | Args: {"query": "Python"}
